
> alba-gomez-perez@0.0.0 test
> ng test --watch=false --reporters=dots

❯ Building...
✔ Building...
Initial chunk files                               | Names                                          |  Raw size
chunk-UGBQIVEZ.js                                 | -                                              |   2.28 MB | 
polyfills.js                                      | polyfills                                      |   1.04 MB | 
spec-app-app.spec.js                              | spec-app-app.spec                              | 680.91 kB | 
chunk-D5V54GPO.js                                 | -                                              | 240.94 kB | 
jasmine-cleanup-1.js                              | jasmine-cleanup-1                              |  67.20 kB | 
test_main.js                                      | test_main                                      |  21.83 kB | 
spec-app-core-services-pagination.service.spec.js | spec-app-core-services-pagination.service.spec |   5.19 kB | 
chunk-2OTOJV7M.js                                 | -                                              |   4.98 kB | 
chunk-W26CF2VG.js                                 | -                                              |   3.74 kB | 
spec-app-core-services-toast.service.spec.js      | spec-app-core-services-toast.service.spec      |   3.08 kB | 
chunk-TTULUY32.js                                 | -                                              |   1.99 kB | 
jasmine-cleanup-0.js                              | jasmine-cleanup-0                              | 519 bytes | 
styles.css                                        | styles                                         | 199 bytes | 

                                                  | Initial total                                  |   4.34 MB

Application bundle generation complete. [1.372 seconds] - 2026-01-27T10:46:36.801Z

[32m27 01 2026 11:46:36.857:INFO [karma-server]: [39mKarma v6.4.4 server started at http://localhost:9876/
[32m27 01 2026 11:46:36.858:INFO [launcher]: [39mLaunching browsers Chrome with concurrency unlimited
[32m27 01 2026 11:46:36.863:INFO [launcher]: [39mStarting browser Chrome
[32m27 01 2026 11:46:41.532:INFO [Chrome 144.0.0.0 (Mac OS 10.15.7)]: [39mConnected on socket -tpiMgfuIzdNgveJAAAB with id 14485552
LOG: [36m'setCurrentPage', 5[39m
..
LOG: [36m'setCurrentPage', 1[39m
LOG: [36m'setCurrentPage', 2[39m
..
LOG: [36m'setCurrentPage', 1[39m
LOG: [36m'setCurrentPage', 2[39m
.
LOG: [36m'setCurrentPage', 2[39m
.
LOG: [36m'setCurrentPage', 4[39m
.
LOG: [36m'setCurrentPage', 1[39m
.
LOG: [36m'setCurrentPage', 1[39m
...
LOG: [36m'setCurrentPage', 2[39m
.
LOG: [36m'setCurrentPage', 0[39m
........
[31mChrome 144.0.0.0 (Mac OS 10.15.7) App should create the app FAILED[39m
	Error: Errors during JIT compilation of template for RecipeCreateModalComponent2: Parser Error: Unexpected token ']' at column 36 in ['recipeNamePlaceholder' | translate]] in ng:///RecipeCreateModalComponent2/template.html@28:51 ("       <input type="text" formControlName="name"
	                                    [placeholder]="[ERROR ->]'recipeNamePlaceholder' | translate]">
	                                <span class="input-icon">📝</s"): ng:///RecipeCreateModalComponent2/template.html@28:51
	    at parseJitTemplate (node_modules/@angular/compiler/fesm2022/compiler.mjs:32326:15)
	    at CompilerFacadeImpl.compileComponent (node_modules/@angular/compiler/fesm2022/compiler.mjs:32000:52)
	    at RecipeCreateModalComponent2.get (node_modules/@angular/core/fesm2022/debug_node.mjs:30245:47)
	    at getComponentDef (node_modules/@angular/core/fesm2022/testing.mjs:1605:18)
	    at isStandaloneComponent (node_modules/@angular/core/fesm2022/testing.mjs:1601:17)
	    at node_modules/@angular/core/fesm2022/testing.mjs:1338:29
	    at Array.forEach (<anonymous>)
	    at queueTypesFromModulesArrayRecur (node_modules/@angular/core/fesm2022/testing.mjs:1333:34)
	    at node_modules/@angular/core/fesm2022/testing.mjs:1339:29
	    at Array.forEach (<anonymous>)
..........
Chrome 144.0.0.0 (Mac OS 10.15.7): Executed 31 of 31[31m (1 FAILED)[39m (0.193 secs / 0.188 secs)
